// Jest Snapshot v1, https://goo.gl/fbAQLP

exports[`Render Catalog Catalog should match with snapshot 1`] = `
<div
  className="catalog__movies-list"
>
  <article
    className="small-movie-card catalog__movies-card"
    onClick={[Function]}
    onMouseEnter={[Function]}
    onMouseLeave={[Function]}
  >
    <div
      className="small-movie-card__image"
    >
      <div
        className=""
      >
        <video
          autoPlay={false}
          className="player__video"
          poster="img/bohemian-rhapsody.jpg"
          style={
            Object {
              "height": 175,
            }
          }
        />
      </div>
      <img
        alt="Bohemian Rhapsody"
        height="175"
        src="img/bohemian-rhapsody.jpg"
        width="280"
      />
    </div>
    <h3
      className="small-movie-card__title"
    >
      <a
        className="small-movie-card__link"
        href="movie-page.html"
      >
        Bohemian Rhapsody
      </a>
    </h3>
  </article>
  <article
    className="small-movie-card catalog__movies-card"
    onClick={[Function]}
    onMouseEnter={[Function]}
    onMouseLeave={[Function]}
  >
    <div
      className="small-movie-card__image"
    >
      <div
        className=""
      >
        <video
          autoPlay={false}
          className="player__video"
          poster="img/aviator.jpg"
          style={
            Object {
              "height": 175,
            }
          }
        />
      </div>
      <img
        alt="Aviator"
        height="175"
        src="img/aviator.jpg"
        width="280"
      />
    </div>
    <h3
      className="small-movie-card__title"
    >
      <a
        className="small-movie-card__link"
        href="movie-page.html"
      >
        Aviator
      </a>
    </h3>
  </article>
  <article
    className="small-movie-card catalog__movies-card"
    onClick={[Function]}
    onMouseEnter={[Function]}
    onMouseLeave={[Function]}
  >
    <div
      className="small-movie-card__image"
    >
      <div
        className=""
      >
        <video
          autoPlay={false}
          className="player__video"
          poster="img/revenant.jpg"
          style={
            Object {
              "height": 175,
            }
          }
        />
      </div>
      <img
        alt="Revenant"
        height="175"
        src="img/revenant.jpg"
        width="280"
      />
    </div>
    <h3
      className="small-movie-card__title"
    >
      <a
        className="small-movie-card__link"
        href="movie-page.html"
      >
        Revenant
      </a>
    </h3>
  </article>
</div>
`;
